// Jest Snapshot v1, https://goo.gl/fbAQLP

exports[`Button snapshot 1`] = `
@keyframes animation-0 {
  0% {
    -webkit-transform: scale(0);
    -moz-transform: scale(0);
    -ms-transform: scale(0);
    transform: scale(0);
    opacity: 1;
  }

  50% {
    opacity: 1;
  }

  100% {
    opacity: 0;
    -webkit-transform: scale(2);
    -moz-transform: scale(2);
    -ms-transform: scale(2);
    transform: scale(2);
  }
}

.emotion-0 {
  display: -webkit-inline-box;
  display: -webkit-inline-flex;
  display: -ms-inline-flexbox;
  display: inline-flex;
  justify-self: center;
  -webkit-align-items: center;
  -webkit-box-align: center;
  -ms-flex-align: center;
  align-items: center;
  position: relative;
  overflow: hidden;
  padding: .65rem 1rem;
  color: white;
  cursor: pointer;
  border: none;
  border-radius: 0.5rem;
  background-color: transparent;
}

.emotion-0:disabled,
.emotion-0[data-loading='true'] {
  cursor: not-allowed;
  opacity: 0.5;
  background-color: #9ca3af;
}

.emotion-0:not(:disabled) {
  background-color: transparent;
}

.emotion-0:not(:disabled):not([data-loading='true']):hover {
  -webkit-filter: brightness(1.1);
  filter: brightness(1.1);
}

.emotion-1 {
  position: absolute;
  inset: 0;
}

.emotion-1>span {
  position: absolute;
  display: block;
  background-color: rgb(0 0 0 / 8%);
  border-radius: 50%;
  -webkit-transform: scale(0);
  -moz-transform: scale(0);
  -ms-transform: scale(0);
  transform: scale(0);
  -webkit-animation: animation-0 700ms;
  animation: animation-0 700ms;
}

<div>
  <button
    class="emotion-0"
    data-loading="false"
    data-projection-id="2"
    type="button"
  >
    Button
    <div
      class="emotion-1"
      role="none"
    />
  </button>
</div>
`;
